a:
|1|2|3|
|0|2|0|
|1|4|1|

a.transpose()-a:
|0|-2|-2|
|2|0|4|
|2|-4|0|

a.rotateCounterClockwise()+b.rotateClockwise()
|-1|4|1|
|2|2|-2|
|1|2|5|

d:
|1|0|2|
|3|1|0|

e:
|3|1|
|1|0|
|0|2|

a*e:
|5|7|
|2|0|
|7|3|

d*a:
|3|10|5|
|3|8|9|

a+b:
|1|0|1|
|2|2|4|
|3|0|1|

-a
|-1|-2|-3|
|0|-2|0|
|-1|-4|-1|

2*d:
|2|0|4|
|6|2|0|

2*d==d*2:
1
a.transpose!=a.counterClockSize:
1
m
Movie Name: Matrix
Author: linoy

Frame 0:
|1|2|3|
|0|2|0|
|1|4|1|

Frame 1:
|0|-2|-2|
|2|0|4|
|2|-4|0|

Frame 2:
|-1|4|1|
|2|2|-2|
|1|2|5|

Frame 3:
|1|0|2|
|3|1|0|

Frame 4:
|3|1|
|1|0|
|0|2|

-----End of Movie-----

z
Movie Name: Matrix
Author: linoy

Frame 0:
|1|2|3|
|0|2|0|
|1|4|1|

Frame 1:
|0|-2|-2|
|2|0|4|
|2|-4|0|

Frame 2:
|-1|4|1|
|2|2|-2|
|1|2|5|

Frame 3:
|1|0|2|
|3|1|0|

Frame 4:
|3|1|
|1|0|
|0|2|

-----End of Movie-----

z
Movie Name: malibu
Author: adi

Frame 0:
|-1|4|1|
|2|2|-2|
|1|2|5|

Frame 1:
|1|0|2|
|3|1|0|

Frame 2:
|3|1|
|1|0|
|0|2|

-----End of Movie-----

m[1]= -b
|0|-2|-2|
|2|0|4|
|2|-4|0|

m+x
Movie Name: Matrix
Author: linoy

Frame 0:
|1|2|3|
|0|2|0|
|1|4|1|

Frame 1:
|0|-2|-2|
|2|0|4|
|2|-4|0|

Frame 2:
|-1|4|1|
|2|2|-2|
|1|2|5|

Frame 3:
|1|0|2|
|3|1|0|

Frame 4:
|3|1|
|1|0|
|0|2|

-----End of Movie-----

m+=a*e
Movie Name: Matrix
Author: linoy

Frame 0:
|1|2|3|
|0|2|0|
|1|4|1|

Frame 1:
|0|-2|-2|
|2|0|4|
|2|-4|0|

Frame 2:
|-1|4|1|
|2|2|-2|
|1|2|5|

Frame 3:
|1|0|2|
|3|1|0|

Frame 4:
|3|1|
|1|0|
|0|2|

Frame 5:
|5|7|
|2|0|
|7|3|

-----End of Movie-----

m+=x
Movie Name: Matrix
Author: linoy

Frame 0:
|1|2|3|
|0|2|0|
|1|4|1|

Frame 1:
|0|-2|-2|
|2|0|4|
|2|-4|0|

Frame 2:
|-1|4|1|
|2|2|-2|
|1|2|5|

Frame 3:
|1|0|2|
|3|1|0|

Frame 4:
|3|1|
|1|0|
|0|2|

Frame 5:
|5|7|
|2|0|
|7|3|

Frame 6:

Frame 7:

Frame 8:

-----End of Movie-----

m
Movie Name: Matrix
Author: linoy

Frame 0:
|1|2|3|
|0|2|0|
|1|4|1|

Frame 1:
|0|-2|-2|
|2|0|4|
|2|-4|0|

Frame 2:
|-1|4|1|
|2|2|-2|
|1|2|5|

Frame 3:
|1|0|2|
|3|1|0|

Frame 4:
|3|1|
|1|0|
|0|2|

Frame 5:
|5|7|
|2|0|
|7|3|

Frame 6:

Frame 7:

Frame 8:

-----End of Movie-----

