|1|2|
|3|4|

|5|6|
|7|8|

|6|8|
|10|12|

|3|6|
|9|12|

|1|3|
|2|4|

|2|4|
|1|3|


Assertion failed at ./tests/tests.cpp:409: m3(0, 0) == 3 && m3(0, 1) == 1 && m3(1, 0) == 4 && m3(1, 1) == 2
