|1|2|3|
|4|5|6|
|7|8|9|

|1|2|3|4|

|1|
|2|
|3|
|4|

|1|4|7|
|2|5|8|
|3|6|9|

|1|
|2|
|3|
|4|

|1|2|3|4|

|3|6|9|
|2|5|8|
|1|4|7|


Assertion failed at ./tests/tests.cpp:498: mcw1(0, 0) == 7 && mcw1(0, 1) == 4 && mcw1(0, 2) == 1
